// Jest Snapshot v1, https://goo.gl/fbAQLP

exports[`CounterApp It should prove CounterApp renders correctly 1`] = `
<Fragment>
  <h1>
     Counter App 
  </h1>
  <p>
    10
  </p>
  <button
    onClick={[Function]}
  >
     Add 
  </button>
  <button
    onClick={[Function]}
  >
     Substract 
  </button>
  <button
    onClick={[Function]}
  >
     Reset 
  </button>
</Fragment>
`;

